 Project1

 Timestamp is 60a0cc78 (Sun May 16 15:40:40 2021)

 Preferred load address is 00400000

 Start         Length     Name                   Class
 0001:00000000 00002660H .text                   CODE
 0001:00002660 000011baH .text$mn                CODE
 0002:00000000 00000144H .rdata                  DATA
 0002:00000143 00000000H .edata                  DATA
 0002:00000144 00000178H .rdata$zzzdbg           DATA
 0003:00000000 00000bc0H .data                   DATA
 0003:00000bc0 000002f2H .bss                    DATA
 0004:00000000 000000d8H .idata$5                DATA
 0004:000000d8 00000028H .idata$2                DATA
 0004:00000100 00000014H .idata$3                DATA
 0004:00000114 000000d8H .idata$4                DATA
 0004:000001ec 00000347H .idata$6                DATA
 0005:00000000 00000170H .rsrc$01                DATA
 0005:00000170 000002ccH .rsrc$02                DATA

  Address         Publics by Value              Rva+Base       Lib:Object

 0000:00000000       ___hybrid_auxiliary_iat_copy 00000000     <absolute>
 0000:00000000       ___guard_fids_table        00000000     <absolute>
 0000:00000000       ___enclave_config          00000000     <absolute>
 0000:00000000       ___arm64x_redirection_metadata_count 00000000     <absolute>
 0000:00000000       ___guard_check_icall_a64n_fptr 00000000     <absolute>
 0000:00000000       ___guard_longjmp_count     00000000     <absolute>
 0000:00000000       ___safe_se_handler_count   00000000     <absolute>
 0000:00000000       ___guard_iat_table         00000000     <absolute>
 0000:00000000       ___x64_code_ranges_to_entry_points_count 00000000     <absolute>
 0000:00000000       ___guard_iat_count         00000000     <absolute>
 0000:00000000       ___guard_eh_cont_table     00000000     <absolute>
 0000:00000000       ___guard_fids_count        00000000     <absolute>
 0000:00000000       ___AbsoluteZero            00000000     <absolute>
 0000:00000000       ___guard_flags             00000000     <absolute>
 0000:00000000       ___safe_se_handler_table   00000000     <absolute>
 0000:00000000       ___arm64x_native_entrypoint 00000000     <absolute>
 0000:00000000       ___guard_longjmp_table     00000000     <absolute>
 0000:00000000       ___dynamic_value_reloc_table 00000000     <absolute>
 0000:00000000       ___volatile_metadata       00000000     <absolute>
 0000:00000000       ___hybrid_auxiliary_iat    00000000     <absolute>
 0000:00000000       ___arm64x_extra_rfe_table  00000000     <absolute>
 0000:00000000       ___arm64x_redirection_metadata 00000000     <absolute>
 0000:00000000       ___guard_eh_cont_count     00000000     <absolute>
 0000:00000000       ___hybrid_code_map_count   00000000     <absolute>
 0000:00000000       ___x64_code_ranges_to_entry_points 00000000     <absolute>
 0000:00000000       ___hybrid_code_map         00000000     <absolute>
 0000:00000000       ___arm64x_extra_rfe_table_size 00000000     <absolute>
 0001:00000210       _CloseFile@0               00401210 f   Irvine32:Irvine32.obj
 0001:00000217       _Clrscr@0                  00401217 f   Irvine32:Irvine32.obj
 0001:000002dc       _CreateOutputFile@0        004012dc f   Irvine32:Irvine32.obj
 0001:000002f5       _Crlf@0                    004012f5 f   Irvine32:Irvine32.obj
 0001:00000310       _Delay@0                   00401310 f   Irvine32:Irvine32.obj
 0001:00000319       _DumpMem@0                 00401319 f   Irvine32:Irvine32.obj
 0001:000003d4       _DumpRegs@0                004013d4 f   Irvine32:Irvine32.obj
 0001:000005cf       _GetCommandTail@0          004015cf f   Irvine32:Irvine32.obj
 0001:0000060c       _GetDateTime@4             0040160c f   Irvine32:Irvine32.obj
 0001:0000063e       _GetMaxXY@0                0040163e f   Irvine32:Irvine32.obj
 0001:0000066d       _GetMseconds@0             0040166d f   Irvine32:Irvine32.obj
 0001:000006ca       _GetTextColor@0            004016ca f   Irvine32:Irvine32.obj
 0001:000006f5       _Gotoxy@0                  004016f5 f   Irvine32:Irvine32.obj
 0001:0000074d       _IsDigit@0                 0040174d f   Irvine32:Irvine32.obj
 0001:0000075a       _MsgBox@0                  0040175a f   Irvine32:Irvine32.obj
 0001:00000771       _MsgBoxAsk@0               00401771 f   Irvine32:Irvine32.obj
 0001:00000790       _OpenInputFile@0           00401790 f   Irvine32:Irvine32.obj
 0001:000007a9       _ParseDecimal32@0          004017a9 f   Irvine32:Irvine32.obj
 0001:0000080b       _ParseInteger32@0          0040180b f   Irvine32:Irvine32.obj
 0001:000008c6       _Random32@0                004018c6 f   Irvine32:Irvine32.obj
 0001:000008e1       _RandomRange@0             004018e1 f   Irvine32:Irvine32.obj
 0001:000008f6       _Randomize@0               004018f6 f   Irvine32:Irvine32.obj
 0001:0000090f       _ReadChar@0                0040190f f   Irvine32:Irvine32.obj
 0001:00000925       _ReadDec@0                 00401925 f   Irvine32:Irvine32.obj
 0001:00000940       _ReadFromFile@0            00401940 f   Irvine32:Irvine32.obj
 0001:00000963       _ReadHex@0                 00401963 f   Irvine32:Irvine32.obj
 0001:000009e4       _ReadInt@0                 004019e4 f   Irvine32:Irvine32.obj
 0001:000009ff       _ReadKey@0                 004019ff f   Irvine32:Irvine32.obj
 0001:00000b1a       _ReadKeyFlush@0            00401b1a f   Irvine32:Irvine32.obj
 0001:00000be8       _ReadString@0              00401be8 f   Irvine32:Irvine32.obj
 0001:00000ca1       _SetTextColor@0            00401ca1 f   Irvine32:Irvine32.obj
 0001:00000cc2       _StrLength@0               00401cc2 f   Irvine32:Irvine32.obj
 0001:00000cd3       _Str_compare@8             00401cd3 f   Irvine32:Irvine32.obj
 0001:00000cfd       _Str_copy@8                00401cfd f   Irvine32:Irvine32.obj
 0001:00000d20       _Str_length@4              00401d20 f   Irvine32:Irvine32.obj
 0001:00000d3a       _Str_trim@8                00401d3a f   Irvine32:Irvine32.obj
 0001:00000d68       _Str_ucase@4               00401d68 f   Irvine32:Irvine32.obj
 0001:00000d8a       _WaitMsg@0                 00401d8a f   Irvine32:Irvine32.obj
 0001:00000d9c       _WriteBin@0                00401d9c f   Irvine32:Irvine32.obj
 0001:00000da9       _WriteBinB@0               00401da9 f   Irvine32:Irvine32.obj
 0001:00000dfc       _WriteChar@0               00401dfc f   Irvine32:Irvine32.obj
 0001:00000e2e       _WriteDec@0                00401e2e f   Irvine32:Irvine32.obj
 0001:00000e6f       _WriteHex@0                00401e6f f   Irvine32:Irvine32.obj
 0001:00000e7c       _WriteHexB@0               00401e7c f   Irvine32:Irvine32.obj
 0001:00000f0e       _WriteInt@0                00401f0e f   Irvine32:Irvine32.obj
 0001:00000f6f       _WriteStackFrameName@16    00401f6f f   Irvine32:Irvine32.obj
 0001:000010ef       _WriteStackFrame@12        004020ef f   Irvine32:Irvine32.obj
 0001:00001109       _WriteString@0             00402109 f   Irvine32:Irvine32.obj
 0001:00001135       _WriteToFile@0             00402135 f   Irvine32:Irvine32.obj
 0001:0000114a       _WriteWindowsMsg@0         0040214a f   Irvine32:Irvine32.obj
 0001:00002660       _main@0                    00403660 f   4108056004¤ý«ä¥¿-hw5.obj
 0001:00002750       _ExitProcess@4             00403750 f   kernel32:KERNEL32.dll
 0001:00002756       _CloseHandle@4             00403756 f   kernel32:KERNEL32.dll
 0001:0000275c       _CreateFileA@28            0040375c f   kernel32:KERNEL32.dll
 0001:00002762       _FormatMessageA@28         00403762 f   kernel32:KERNEL32.dll
 0001:00002768       _FlushConsoleInputBuffer@4 00403768 f   kernel32:KERNEL32.dll
 0001:0000276e       _GetCommandLineA@0         0040376e f   kernel32:KERNEL32.dll
 0001:00002774       _GetConsoleMode@8          00403774 f   kernel32:KERNEL32.dll
 0001:0000277a       _GetConsoleScreenBufferInfo@8 0040377a f   kernel32:KERNEL32.dll
 0001:00002780       _GetLastError@0            00403780 f   kernel32:KERNEL32.dll
 0001:00002786       _GetLocalTime@4            00403786 f   kernel32:KERNEL32.dll
 0001:0000278c       _GetStdHandle@4            0040378c f   kernel32:KERNEL32.dll
 0001:00002792       _GetSystemTime@4           00403792 f   kernel32:KERNEL32.dll
 0001:00002798       _LocalFree@4               00403798 f   kernel32:KERNEL32.dll
 0001:0000279e       _PeekConsoleInputA@16      0040379e f   kernel32:KERNEL32.dll
 0001:000027a4       _ReadConsoleA@20           004037a4 f   kernel32:KERNEL32.dll
 0001:000027aa       _ReadConsoleInputA@16      004037aa f   kernel32:KERNEL32.dll
 0001:000027b0       _ReadFile@20               004037b0 f   kernel32:KERNEL32.dll
 0001:000027b6       _SetConsoleCursorPosition@8 004037b6 f   kernel32:KERNEL32.dll
 0001:000027bc       _SetConsoleMode@8          004037bc f   kernel32:KERNEL32.dll
 0001:000027c2       _SetConsoleTextAttribute@8 004037c2 f   kernel32:KERNEL32.dll
 0001:000027c8       _Sleep@4                   004037c8 f   kernel32:KERNEL32.dll
 0001:000027ce       _SystemTimeToFileTime@8    004037ce f   kernel32:KERNEL32.dll
 0001:000027d4       _WriteConsoleA@20          004037d4 f   kernel32:KERNEL32.dll
 0001:000027da       _WriteConsoleOutputCharacterA@20 004037da f   kernel32:KERNEL32.dll
 0001:000027e0       _WriteConsoleOutputAttribute@20 004037e0 f   kernel32:KERNEL32.dll
 0001:000027e6       _WriteFile@20              004037e6 f   kernel32:KERNEL32.dll
 0001:000027ec       _MessageBoxA@16            004037ec f   user32:USER32.dll
 0004:00000000       __imp__ExitProcess@4       00407000     kernel32:KERNEL32.dll
 0004:00000004       __imp__CloseHandle@4       00407004     kernel32:KERNEL32.dll
 0004:00000008       __imp__CreateFileA@28      00407008     kernel32:KERNEL32.dll
 0004:0000000c       __imp__FormatMessageA@28   0040700c     kernel32:KERNEL32.dll
 0004:00000010       __imp__FlushConsoleInputBuffer@4 00407010     kernel32:KERNEL32.dll
 0004:00000014       __imp__GetCommandLineA@0   00407014     kernel32:KERNEL32.dll
 0004:00000018       __imp__GetConsoleMode@8    00407018     kernel32:KERNEL32.dll
 0004:0000001c       __imp__GetConsoleScreenBufferInfo@8 0040701c     kernel32:KERNEL32.dll
 0004:00000020       __imp__GetLastError@0      00407020     kernel32:KERNEL32.dll
 0004:00000024       __imp__GetLocalTime@4      00407024     kernel32:KERNEL32.dll
 0004:00000028       __imp__GetStdHandle@4      00407028     kernel32:KERNEL32.dll
 0004:0000002c       __imp__GetSystemTime@4     0040702c     kernel32:KERNEL32.dll
 0004:00000030       __imp__LocalFree@4         00407030     kernel32:KERNEL32.dll
 0004:00000034       __imp__PeekConsoleInputA@16 00407034     kernel32:KERNEL32.dll
 0004:00000038       __imp__ReadConsoleA@20     00407038     kernel32:KERNEL32.dll
 0004:0000003c       __imp__ReadConsoleInputA@16 0040703c     kernel32:KERNEL32.dll
 0004:00000040       __imp__ReadFile@20         00407040     kernel32:KERNEL32.dll
 0004:00000044       __imp__SetConsoleCursorPosition@8 00407044     kernel32:KERNEL32.dll
 0004:00000048       __imp__SetConsoleMode@8    00407048     kernel32:KERNEL32.dll
 0004:0000004c       __imp__SetConsoleTextAttribute@8 0040704c     kernel32:KERNEL32.dll
 0004:00000050       __imp__Sleep@4             00407050     kernel32:KERNEL32.dll
 0004:00000054       __imp__SystemTimeToFileTime@8 00407054     kernel32:KERNEL32.dll
 0004:00000058       __imp__WriteConsoleA@20    00407058     kernel32:KERNEL32.dll
 0004:0000005c       __imp__WriteConsoleOutputCharacterA@20 0040705c     kernel32:KERNEL32.dll
 0004:00000060       __imp__WriteConsoleOutputAttribute@20 00407060     kernel32:KERNEL32.dll
 0004:00000064       __imp__WriteFile@20        00407064     kernel32:KERNEL32.dll
 0004:00000068       \177KERNEL32_NULL_THUNK_DATA 00407068     kernel32:KERNEL32.dll
 0004:000000a8       __imp__MessageBoxA@16      004070a8     user32:USER32.dll
 0004:000000ac       \177USER32_NULL_THUNK_DATA 004070ac     user32:USER32.dll
 0004:000000d8       __IMPORT_DESCRIPTOR_KERNEL32 004070d8     kernel32:KERNEL32.dll
 0004:000000ec       __IMPORT_DESCRIPTOR_USER32 004070ec     user32:USER32.dll
 0004:00000100       __NULL_IMPORT_DESCRIPTOR   00407100     kernel32:KERNEL32.dll

 entry point at        0001:000000aa

 Static symbols

 0000:ffff6000       .debug$S                   00400000     kernel32:KERNEL32.dll
 0000:ffff6000       .debug$S                   00400000     kernel32:KERNEL32.dll
 0000:ffff6000       .debug$S                   00400000     kernel32:KERNEL32.dll
 0000:ffff6000       .debug$S                   00400000     kernel32:KERNEL32.dll
 0000:ffff6000       .debug$S                   00400000     kernel32:KERNEL32.dll
 0000:ffff6000       .debug$S                   00400000     kernel32:KERNEL32.dll
 0000:ffff6000       .debug$S                   00400000     kernel32:KERNEL32.dll
 0000:ffff6000       .debug$S                   00400000     kernel32:KERNEL32.dll
 0000:ffff6000       .debug$S                   00400000     kernel32:KERNEL32.dll
 0000:ffff6000       .debug$S                   00400000     kernel32:KERNEL32.dll
 0000:ffff6000       .debug$S                   00400000     kernel32:KERNEL32.dll
 0000:ffff6000       .debug$S                   00400000     kernel32:KERNEL32.dll
 0000:ffff6000       .debug$S                   00400000     kernel32:KERNEL32.dll
 0000:ffff6000       .debug$S                   00400000     kernel32:KERNEL32.dll
 0000:ffff6000       .debug$S                   00400000     kernel32:KERNEL32.dll
 0000:ffff6000       .debug$S                   00400000     kernel32:KERNEL32.dll
 0000:ffff6000       .debug$S                   00400000     kernel32:KERNEL32.dll
 0000:ffff6000       .debug$S                   00400000     kernel32:KERNEL32.dll
 0000:ffff6000       .debug$S                   00400000     kernel32:KERNEL32.dll
 0000:ffff6000       .debug$S                   00400000     kernel32:KERNEL32.dll
 0000:ffff6000       .debug$S                   00400000     kernel32:KERNEL32.dll
 0000:ffff6000       .debug$S                   00400000     kernel32:KERNEL32.dll
 0000:ffff6000       .debug$S                   00400000     kernel32:KERNEL32.dll
 0000:ffff6000       .debug$S                   00400000     kernel32:KERNEL32.dll
 0000:ffff6000       .debug$S                   00400000     kernel32:KERNEL32.dll
 0000:ffff6000       .debug$S                   00400000     kernel32:KERNEL32.dll
 0000:ffff6000       .debug$S                   00400000     user32:USER32.dll
 0001:00000604       _scan_for_quote@0          00401604 f   Irvine32:Irvine32.obj
 0001:0000072b       _Initialize@0              0040172b f   Irvine32:Irvine32.obj
 0001:00000b2f       _ReadKeyTranslate@0        00401b2f f   Irvine32:Irvine32.obj
 0001:000011a5       _AsciiDigit@0              004021a5 f   Irvine32:Irvine32.obj
 0001:000011ae       _HexByte@0                 004021ae f   Irvine32:Irvine32.obj
 0001:00002660       $$000000                   00403660     4108056004¤ý«ä¥¿-hw5.obj
 0003:00000000       key                        00406000     4108056004¤ý«ä¥¿-hw5.obj
 0003:00000007       text                       00406007     4108056004¤ý«ä¥¿-hw5.obj
 0003:00000039       byteCount                  00406039     4108056004¤ý«ä¥¿-hw5.obj
 0003:0000003d       start                      0040603d     4108056004¤ý«ä¥¿-hw5.obj
 0003:0000005c       after                      0040605c     4108056004¤ý«ä¥¿-hw5.obj
 0003:0000006a       decrypt                    0040606a     4108056004¤ý«ä¥¿-hw5.obj
 0003:00000090       InitFlag                   00406090     Irvine32:Irvine32.obj
 0003:00000091       xtable                     00406091     Irvine32:Irvine32.obj
 0003:000000a1       blanks                     004060a1     Irvine32:Irvine32.obj
 0003:000002a1       attribs                    004062a1     Irvine32:Irvine32.obj
 0003:000006a1       lineLength                 004066a1     Irvine32:Irvine32.obj
 0003:000006a5       cursorLoc                  004066a5     Irvine32:Irvine32.obj
 0003:000006a9       count                      004066a9     Irvine32:Irvine32.obj
 0003:000006ad       ??0002                     004066ad     Irvine32:Irvine32.obj
 0003:000006b2       dumpPrompt                 004066b2     Irvine32:Irvine32.obj
 0003:000006c4       dashLine                   004066c4     Irvine32:Irvine32.obj
 0003:000006e6       ??0003                     004066e6     Irvine32:Irvine32.obj
 0003:000006e9       ??0004                     004066e9     Irvine32:Irvine32.obj
 0003:000006eb       ??0005                     004066eb     Irvine32:Irvine32.obj
 0003:000006ed       saveIP                     004066ed     Irvine32:Irvine32.obj
 0003:000006f1       saveESP                    004066f1     Irvine32:Irvine32.obj
 0003:000006f5       ??0006                     004066f5     Irvine32:Irvine32.obj
 0003:000006fc       ??0007                     004066fc     Irvine32:Irvine32.obj
 0003:00000703       ??0008                     00406703     Irvine32:Irvine32.obj
 0003:0000070a       ??0009                     0040670a     Irvine32:Irvine32.obj
 0003:00000711       ??000A                     00406711     Irvine32:Irvine32.obj
 0003:00000718       ??000B                     00406718     Irvine32:Irvine32.obj
 0003:0000071f       ??000C                     0040671f     Irvine32:Irvine32.obj
 0003:00000726       ??000D                     00406726     Irvine32:Irvine32.obj
 0003:0000072d       ??000E                     0040672d     Irvine32:Irvine32.obj
 0003:00000734       ??000F                     00406734     Irvine32:Irvine32.obj
 0003:0000073b       ??0010                     0040673b     Irvine32:Irvine32.obj
 0003:00000740       ??0011                     00406740     Irvine32:Irvine32.obj
 0003:00000742       ??0013                     00406742     Irvine32:Irvine32.obj
 0003:00000747       ??0014                     00406747     Irvine32:Irvine32.obj
 0003:00000749       ??0016                     00406749     Irvine32:Irvine32.obj
 0003:0000074e       ??0017                     0040674e     Irvine32:Irvine32.obj
 0003:00000750       ??0019                     00406750     Irvine32:Irvine32.obj
 0003:00000755       ??001A                     00406755     Irvine32:Irvine32.obj
 0003:00000757       ??001C                     00406757     Irvine32:Irvine32.obj
 0003:0000075c       ??001D                     0040675c     Irvine32:Irvine32.obj
 0003:0000075e       ??001F                     0040675e     Irvine32:Irvine32.obj
 0003:00000763       ??0020                     00406763     Irvine32:Irvine32.obj
 0003:00000765       _cursorPosition            00406765     Irvine32:Irvine32.obj
 0003:00000769       @zx02abc_def_caption       00406769     Irvine32:Irvine32.obj
 0003:0000076b       @zq02abc_def_caption       0040676b     Irvine32:Irvine32.obj
 0003:0000076d       overflow_msgL              0040676d     Irvine32:Irvine32.obj
 0003:00000788       invalid_msgL               00406788     Irvine32:Irvine32.obj
 0003:0000079b       seed                       0040679b     Irvine32:Irvine32.obj
 0003:0000079f       xbtable                    0040679f     Irvine32:Irvine32.obj
 0003:000007b6       numVal                     004067b6     Irvine32:Irvine32.obj
 0003:000007ba       charVal                    004067ba     Irvine32:Irvine32.obj
 0003:000007bb       evBuffer                   004067bb     Irvine32:Irvine32.obj
 0003:000007cf       evRepeat                   004067cf     Irvine32:Irvine32.obj
 0003:000007d1       SpecialCases               004067d1     Irvine32:Irvine32.obj
 0003:00000812       _$$temp                    00406812     Irvine32:Irvine32.obj
 0003:00000816       waitmsgstr                 00406816     Irvine32:Irvine32.obj
 0003:00000833       bufferL                    00406833     Irvine32:Irvine32.obj
 0003:00000840       bufferLHB                  00406840     Irvine32:Irvine32.obj
 0003:00000849       buffer_B                   00406849     Irvine32:Irvine32.obj
 0003:00000856       neg_flag                   00406856     Irvine32:Irvine32.obj
 0003:00000857       LblStack                   00406857     Irvine32:Irvine32.obj
 0003:00000864       LblFor                     00406864     Irvine32:Irvine32.obj
 0003:00000869       LblEbp                     00406869     Irvine32:Irvine32.obj
 0003:0000086f       LblParam                   0040686f     Irvine32:Irvine32.obj
 0003:0000087c       LblEbpPtr                  0040687c     Irvine32:Irvine32.obj
 0003:00000892       LblSaved                   00406892     Irvine32:Irvine32.obj
 0003:000008a4       LblLocal                   004068a4     Irvine32:Irvine32.obj
 0003:000008b6       LblReturn                  004068b6     Irvine32:Irvine32.obj
 0003:000008c8       LblEsp                     004068c8     Irvine32:Irvine32.obj
 0003:000008d4       BadStackFrameMsg           004068d4     Irvine32:Irvine32.obj
 0003:000008ef       NoName                     004068ef     Irvine32:Irvine32.obj
 0003:000008f0       WriteToFile_1              004068f0     Irvine32:Irvine32.obj
 0003:000008f4       WriteWindowsMsg_1          004068f4     Irvine32:Irvine32.obj
 0003:000008fb       WriteWindowsMsg_2          004068fb     Irvine32:Irvine32.obj
 0003:000008fe       pErrorMsg                  004068fe     Irvine32:Irvine32.obj
 0003:00000902       messageId                  00406902     Irvine32:Irvine32.obj
 0003:00000bc0       consoleInHandle            00406bc0     Irvine32:Irvine32.obj
 0003:00000bc4       consoleOutHandle           00406bc4     Irvine32:Irvine32.obj
 0003:00000bc8       bytesWritten               00406bc8     Irvine32:Irvine32.obj
 0003:00000bcc       eflags                     00406bcc     Irvine32:Irvine32.obj
 0003:00000bd0       digitBuffer                00406bd0     Irvine32:Irvine32.obj
 0003:00000c21       buffer                     00406c21     Irvine32:Irvine32.obj
 0003:00000e21       bytesRead                  00406e21     Irvine32:Irvine32.obj
 0003:00000e25       sysTime                    00406e25     Irvine32:Irvine32.obj
 0004:000003d6       .idata$6                   004073d6     kernel32:KERNEL32.dll
 0004:000003f2       .idata$6                   004073f2     user32:USER32.dll
 0005:00000170       $R000000                   00408170     * linker generated manifest res *
